
> maternal-care-react@1.0.0 build
> vite build

[36mvite v5.4.21 [32mbuilding for production...[36m[39m
transforming...
[32mΓ£ô[39m 93 modules transformed.
node.exe : [31mx[39m 
Build failed in 332ms
At line:1 char:1
+ & "C:\Program 
Files\nodejs/node.exe" 
"C:\Program 
Files\nodejs/node_mo ...
+ ~~~~~~~~~~~~~~~~~~~~~~~~~
~~~~~~~~~~~~~~~~~~~~~~~~~~~
~~~~~~~~~~~~~~~~~
    + CategoryInfo         
     : NotSpecified: ([3  
  1mx[39m Build failed    
 in 332ms:String) [], R    
emoteException
    + FullyQualifiedErrorI 
   d : NativeCommandError
 
[31merror during build:
[31msrc/services/patientSe
rvice.js (1:9): "mockData" 
is not exported by 
"src/data/mockData.js", 
imported by "src/services/p
atientService.js".[31m
file: [36mC:/Users/prana/D
ownloads/maternal-care-reac
t/maternal-care-react/src/s
ervices/patientService.js:1
:9[31m
[33m
1: import { mockData } 
from '../data/mockData'
            ^
2: 
3: export async function ge
tPatientsByDoctor(doctorId)
 {
[31m
    at getRollupError (file
:///C:/Users/prana/Download
s/maternal-care-react/mater
nal-care-react/node_modules
/rollup/dist/es/shared/pars
eAst.js:402:41)
    at error (file:///C:/Us
ers/prana/Downloads/materna
l-care-react/maternal-care-
react/node_modules/rollup/d
ist/es/shared/parseAst.js:3
98:42)
    at Module.error (file:/
//C:/Users/prana/Downloads/
maternal-care-react/materna
l-care-react/node_modules/r
ollup/dist/es/shared/node-e
ntry.js:17040:16)
    at 
Module.traceVariable (file:
///C:/Users/prana/Downloads
/maternal-care-react/matern
al-care-react/node_modules/
rollup/dist/es/shared/node-
entry.js:17452:29)
    at 
ModuleScope.findVariable (f
ile:///C:/Users/prana/Downl
oads/maternal-care-react/ma
ternal-care-react/node_modu
les/rollup/dist/es/shared/n
ode-entry.js:15070:39)
    at 
FunctionScope.findVariable 
(file:///C:/Users/prana/Dow
nloads/maternal-care-react/
maternal-care-react/node_mo
dules/rollup/dist/es/shared
/node-entry.js:5673:38)
    at FunctionBodyScope.fi
ndVariable (file:///C:/User
s/prana/Downloads/maternal-
care-react/maternal-care-re
act/node_modules/rollup/dis
t/es/shared/node-entry.js:5
673:38)
    at 
MemberExpression.bind (file
:///C:/Users/prana/Download
s/maternal-care-react/mater
nal-care-react/node_modules
/rollup/dist/es/shared/node
-entry.js:7392:49)
    at Property.bind (file:
///C:/Users/prana/Downloads
/maternal-care-react/matern
al-care-react/node_modules/
rollup/dist/es/shared/node-
entry.js:2829:23)
    at 
ObjectExpression.bind (file
:///C:/Users/prana/Download
s/maternal-care-react/mater
nal-care-react/node_modules
/rollup/dist/es/shared/node
-entry.js:2825:28)[39m
